00 # Key Type
02 # Array Length
  17 # String Length
  63 6f 6e 73 6f 6c 65 2d 63 6f 6e 73 75 6d 65 72 2d 35 36 35 39 36
00
