{ "keyType": 0
, "coordinatorKeys": ["console-consumer-56596"]
}
