{ "topics": ["incidents"]
, "userData": "ffffffff"
, "ownedPartitions": []
}
