Subscription
  { topics = fromListN 1 [ "incidents" ]
  , userData = [ 0xff , 0xff , 0xff , 0xff ]
  , ownedPartitions = fromListN 0 []
  }
