17
63 6f 6e 73 6f 6c 65 2d 63 6f 6e 73 75 6d 65 72   # console-consumer
2d 35 36 35 39 36                                 # -56596
00 00 00 01                                       # generation id: 1
36
63 6f 6e 73 6f                                    # conso
6c 65 2d 63 6f 6e 73 75 6d 65 72 2d 62 36 32 63   # le-consumer-b62c
39 34 32 39 2d 32 39 64 39 2d 34 38 33 38 2d 61   # 9429-29d9-4838-a
39 34 38 2d 39 31 38 38 63 63 34 38 64 35 63 37   # 948-9188cc48d5c7
00 09
63 6f 6e 73 75 6d 65 72    # consumer
06
72 61 6e 67 65             # range
02                         # assignments array length: 1
  36                                                # Member ID length
  63 6f 6e 73 6f 6c 65 2d 63 6f 6e 73 75 6d         # console-consum
  65 72 2d 62 36 32 63 39 34 32 39 2d 32 39 64 39   # er-b62c9429-29d9
  2d 34 38 33 38 2d 61 39 34 38 2d 39 31 38 38 63   # -4838-a948-9188c
  63 34 38 64 35 63 37                              # c48d5c7
  1e                                                # Assignment length
  00 01
  00 00 00 01
  00 09
  69 6e 63 69 64 65 6e 74 73                        # incidents
  00 00 00 01
  00 00 00 00
  ff ff ff ff
  00 # no tagged fields
00   # no tagged fields
