{ "groups":
  [ { "id": "console-consumer-56596"
    , "topics":
      [ { "name": "incidents"
        , "partitions": [0]
        }
      ]
    }
  ]
, "requireStable": true
}
