00 00 00 00 00 00 09
63 6f 6e 73 75 6d 65 72 06 72 61 6e 67 65 1e 00   # consumer.range..
01 00 00 00 01 00 09 69 6e 63 69 64 65 6e 74 73   # .......incidents
00 00 00 01 00 00 00 00 ff ff ff ff 00            # .............
