17
63 6f 6e 73 6f 6c 65 2d 63 6f 6e 73 75 6d 65 72   # console-consumer
2d 39 37 38 34 34                                 # -97844
02 # Members length: 1
  36
  63 6f 6e 73 6f 6c 65 2d                           # console-
  63 6f 6e 73 75 6d 65 72 2d 64 36 63 36 31 64 38   # consumer-d6c61d8
  66 2d 34 38 61 37 2d 34 33 63 34 2d 39 63 64 64   # f-48a7-43c4-9cdd
  2d 30 39 62 31 31 30 32 61 34 66 63 32            # -09b1102a4fc2
  00
  1d
  74 68 65 20 63 6f 6e 73 75 6d 65 72 20 69 73 20  # the consumer is
  62 65 69 6e 67 20 63 6c 6f 73 65 64              # being closed
  00
00
