Response
  { throttleTimeMilliseconds = 0
  , errorCode = None
  , producerId = 1000
  , producerEpoch = 0
  , taggedFields = []
  }
