Response
  { throttleTimeMilliseconds = 0
  , topics =
      fromListN
        1
        [ Topic
            { name = "incidents"
            , partitions =
                fromListN
                  1
                  [ Partition
                      { index = 0
                      , errorCode = 0
                      , timestamp = -1
                      , offset = 0
                      , leaderEpoch = 0
                      , taggedFields = fromListN 0 []
                      }
                  ]
            , taggedFields = fromListN 0 []
            }
        ]
  , taggedFields = fromListN 0 []
  }
