Response
  { throttleTimeMilliseconds = 0
  , coordinators =
      fromListN
        1
        [ Coordinator
            { key = "console-consumer-56596"
            , nodeId = 1
            , host = "localhost"
            , port = 9092
            , errorCode = None
            , errorMessage = ""
            , taggedFields = fromListN 0 []
            }
        ]
  , taggedFields = fromListN 0 []
  }
