Response
  { topics =
      fromListN
        1
        [ Topic
            { name = "incidents"
            , partitions =
                fromListN
                  1
                  [ Partition
                      { index = 0
                      , errorCode = 0
                      , baseOffset = 1
                      , logAppendTimeMilliseconds = -1
                      , logStartOffset = 0
                      , errors = fromListN 0 []
                      , errorMessage = ""
                      , tagBuffer = fromListN 0 []
                      }
                  ]
            , tagBuffer = fromListN 0 []
            }
        ]
  , throttleTimeMilliseconds = 0
  , tagBuffer = fromListN 0 []
  }