Response
  { throttleTimeMilliseconds = 0
  , errorCode = None
  , taggedFields = []
  }
