{ "groupId": "console-consumer-97844"
, "generationId": 1
, "memberId": "console-consumer-d6c61d8f-48a7-43c4-9cdd-09b1102a4fc2"
, "groupInstanceId": null
}
