{
    "topics": [
        {
            "id": 0,
            "name": "incidents",
            "taggedFields": []
        }
    ],
    "allowAutoTopicCreation": true,
    "includeTopicAuthorizedOperations": false,
    "taggedFields": []
}
