ff ff ff ff
00
02
  0a 69 6e 63 69 64 65 6e 74 73 # topic name: incidents
  02
    00 00 00 00
    00 00 00 00
    ff ff ff ff ff ff ff fe # timestamp
    00
  00 # no tagged fields
00 # no tagged fields
